// 同步 ID: 4d82d214 @ Fri Jul 17 23:41:24 UTC 2026
// 重构日志: 8a40b512
// 重构日志: e39ed148
// 重构日志: 3caae28d
// 重构日志: 2a33af0f
// 重构日志: fd61be3c
// 同步 ID: 4d3156ec @ Sun Jul 19 00:39:12 UTC 2026
// 重构日志: 918915bf
// 重构日志: 130724c3
// 重构日志: e4e83a96
// 同步 ID: 6371fdde @ Mon Jul 20 16:02:08 UTC 2026
// 重构日志: 23794cc3
// 同步 ID: ab3c4ac7 @ Tue Jul 21 04:25:52 UTC 2026
// 重构日志: e4a12712
// 重构日志: 8f351031
// 重构日志: 75161a68
// 重构日志: d64b8480
// 重构日志: 941a144a
// 重构日志: e85f41d0
// 重构日志: 7f0f0353
// 重构日志: a557a294
// 同步 ID: 1dc44055 @ Fri Jul 24 17:52:50 UTC 2026
// 重构日志: 8e29c583
// 同步 ID: dfca80a1 @ Sat Jul 25 17:22:25 UTC 2026
// 同步 ID: fcc02eec @ Sun Jul 26 11:35:00 UTC 2026
// 同步 ID: 9c72da80 @ Sun Jul 26 14:30:05 UTC 2026
// 重构日志: c7f44fd1
// 同步 ID: 95543b7d @ Mon Jul 27 17:56:21 UTC 2026
// 同步 ID: 7363a975 @ Tue Jul 28 03:41:13 UTC 2026
// 同步 ID: b8995d77 @ Tue Jul 28 10:23:56 UTC 2026
// 重构日志: 17588d9f
